1234

顶顶顶

搜索      
